device: cuda
memmap: train=3645549 val=74398 pool=48
vocab=5539
E:\miniconda3\Lib\site-packages\torch\nn\modules\transformer.py:286: UserWarning: enable_nested_tensor is True, but self.use_nested_tensor is False because encoder_layer.norm_first was True
  warnings.warn(f"enable_nested_tensor is True, but self.use_nested_tensor is False because {why_not_sparsity_fast_path}")
params=2.95M
E:\miniconda3\Lib\site-packages\torch\nn\functional.py:5476: UserWarning: 1Torch was not compiled with flash attention. (Triggered internally at ..\aten\src\ATen\native\transformers\cuda\sdp_utils.cpp:263.)
  attn_output = scaled_dot_product_attention(q, k, v, attn_mask, dropout_p, is_causal)
ep0 step1/28480 loss=2.5412 bacc=0.191 1s
ep0 step201/28480 loss=2.2086 bacc=0.355 37s
ep0 step401/28480 loss=1.6972 bacc=0.543 73s
ep0 step601/28480 loss=1.4095 bacc=0.617 111s
ep0 step801/28480 loss=1.2099 bacc=0.664 154s
ep0 step1001/28480 loss=1.1709 bacc=0.668 194s
ep0 step1201/28480 loss=1.0811 bacc=0.707 233s
ep0 step1401/28480 loss=0.9716 bacc=0.742 271s
ep0 step1601/28480 loss=1.0383 bacc=0.711 308s
ep0 step1801/28480 loss=0.9295 bacc=0.738 346s
ep0 step2001/28480 loss=0.8776 bacc=0.742 384s
ep0 step2201/28480 loss=0.9956 bacc=0.715 421s
ep0 step2401/28480 loss=0.7973 bacc=0.785 458s
ep0 step2601/28480 loss=0.8709 bacc=0.758 496s
ep0 step2801/28480 loss=0.8748 bacc=0.758 533s
ep0 step3001/28480 loss=0.9921 bacc=0.730 571s
ep0 step3201/28480 loss=0.7249 bacc=0.801 609s
ep0 step3401/28480 loss=0.8165 bacc=0.758 647s
ep0 step3601/28480 loss=0.8073 bacc=0.789 685s
ep0 step3801/28480 loss=0.9082 bacc=0.750 723s
ep0 step4001/28480 loss=0.7309 bacc=0.773 761s
ep0 step4201/28480 loss=1.0630 bacc=0.727 799s
ep0 step4401/28480 loss=0.8743 bacc=0.738 836s
ep0 step4601/28480 loss=0.7441 bacc=0.781 874s
ep0 step4801/28480 loss=0.7955 bacc=0.766 912s
ep0 step5001/28480 loss=0.8242 bacc=0.770 949s
ep0 step5201/28480 loss=0.7909 bacc=0.781 988s
ep0 step5401/28480 loss=0.7182 bacc=0.801 1025s
ep0 step5601/28480 loss=0.7906 bacc=0.762 1063s
ep0 step5801/28480 loss=0.8156 bacc=0.773 1101s
ep0 step6001/28480 loss=0.6239 bacc=0.836 1139s
ep0 step6201/28480 loss=0.6615 bacc=0.836 1176s
ep0 step6401/28480 loss=0.6838 bacc=0.801 1213s
ep0 step6601/28480 loss=0.7760 bacc=0.781 1251s
ep0 step6801/28480 loss=0.8915 bacc=0.758 1288s
ep0 step7001/28480 loss=0.6314 bacc=0.828 1326s
ep0 step7201/28480 loss=0.5698 bacc=0.844 1363s
ep0 step7401/28480 loss=0.7805 bacc=0.781 1401s
ep0 step7601/28480 loss=0.5928 bacc=0.836 1439s
ep0 step7801/28480 loss=0.5916 bacc=0.820 1476s
ep0 step8001/28480 loss=0.7385 bacc=0.801 1513s
ep0 step8201/28480 loss=0.7012 bacc=0.820 1551s
ep0 step8401/28480 loss=0.6428 bacc=0.812 1589s
ep0 step8601/28480 loss=0.6242 bacc=0.828 1627s
ep0 step8801/28480 loss=0.6161 bacc=0.840 1665s
ep0 step9001/28480 loss=0.5648 bacc=0.824 1702s
ep0 step9201/28480 loss=0.5150 bacc=0.855 1740s
ep0 step9401/28480 loss=0.7102 bacc=0.836 1778s
ep0 step9601/28480 loss=0.7292 bacc=0.793 1815s
ep0 step9801/28480 loss=0.5768 bacc=0.852 1853s
ep0 step10001/28480 loss=0.5390 bacc=0.848 1891s
ep0 step10201/28480 loss=0.6686 bacc=0.805 1928s
ep0 step10401/28480 loss=0.7292 bacc=0.777 1966s
ep0 step10601/28480 loss=0.5842 bacc=0.855 2004s
ep0 step10801/28480 loss=0.6692 bacc=0.801 2041s
ep0 step11001/28480 loss=0.5441 bacc=0.832 2079s
ep0 step11201/28480 loss=0.6250 bacc=0.812 2117s
ep0 step11401/28480 loss=0.6296 bacc=0.820 2155s
ep0 step11601/28480 loss=0.5981 bacc=0.824 2193s
ep0 step11801/28480 loss=0.6478 bacc=0.809 2230s
ep0 step12001/28480 loss=0.7157 bacc=0.793 2268s
ep0 step12201/28480 loss=0.5796 bacc=0.809 2306s
ep0 step12401/28480 loss=0.5921 bacc=0.812 2343s
ep0 step12601/28480 loss=0.5728 bacc=0.832 2381s
ep0 step12801/28480 loss=0.6339 bacc=0.812 2419s
ep0 step13001/28480 loss=0.4862 bacc=0.871 2457s
ep0 step13201/28480 loss=0.6291 bacc=0.832 2494s
ep0 step13401/28480 loss=0.5933 bacc=0.820 2532s
ep0 step13601/28480 loss=0.6466 bacc=0.824 2569s
ep0 step13801/28480 loss=0.5651 bacc=0.809 2607s
ep0 step14001/28480 loss=0.6241 bacc=0.809 2645s
ep0 step14201/28480 loss=0.4860 bacc=0.867 2682s
== ep0 val top1=0.8453 ==
ep1 step14241/28480 loss=0.5417 bacc=0.840 2712s
ep1 step14441/28480 loss=0.5877 bacc=0.840 2750s
ep1 step14641/28480 loss=0.4117 bacc=0.891 2788s
ep1 step14841/28480 loss=0.4529 bacc=0.883 2827s
ep1 step15041/28480 loss=0.5184 bacc=0.840 2865s
ep1 step15241/28480 loss=0.5022 bacc=0.852 2903s
ep1 step15441/28480 loss=0.5176 bacc=0.844 2940s
ep1 step15641/28480 loss=0.6086 bacc=0.832 2980s
ep1 step15841/28480 loss=0.6768 bacc=0.805 3022s
ep1 step16041/28480 loss=0.4654 bacc=0.844 3061s
ep1 step16241/28480 loss=0.5962 bacc=0.824 3102s
ep1 step16441/28480 loss=0.6288 bacc=0.820 3141s
ep1 step16641/28480 loss=0.5315 bacc=0.844 3182s
ep1 step16841/28480 loss=0.5679 bacc=0.844 3222s
ep1 step17041/28480 loss=0.5760 bacc=0.840 3260s
ep1 step17241/28480 loss=0.5281 bacc=0.832 3298s
ep1 step17441/28480 loss=0.4408 bacc=0.852 3337s
ep1 step17641/28480 loss=0.5265 bacc=0.836 3377s
ep1 step17841/28480 loss=0.6379 bacc=0.828 3415s
ep1 step18041/28480 loss=0.5284 bacc=0.859 3454s
ep1 step18241/28480 loss=0.5654 bacc=0.836 3491s
ep1 step18441/28480 loss=0.5596 bacc=0.836 3529s
ep1 step18641/28480 loss=0.6112 bacc=0.840 3566s
ep1 step18841/28480 loss=0.5507 bacc=0.844 3602s
ep1 step19041/28480 loss=0.4828 bacc=0.879 3640s
ep1 step19241/28480 loss=0.5206 bacc=0.852 3678s
ep1 step19441/28480 loss=0.4875 bacc=0.863 3717s
ep1 step19641/28480 loss=0.5601 bacc=0.859 3756s
ep1 step19841/28480 loss=0.5754 bacc=0.832 3793s
ep1 step20041/28480 loss=0.6717 bacc=0.801 3828s
ep1 step20241/28480 loss=0.5052 bacc=0.840 3862s
ep1 step20441/28480 loss=0.4609 bacc=0.891 3897s
ep1 step20641/28480 loss=0.5892 bacc=0.824 3931s
ep1 step20841/28480 loss=0.5197 bacc=0.840 3965s
ep1 step21041/28480 loss=0.4802 bacc=0.875 3999s
ep1 step21241/28480 loss=0.4908 bacc=0.859 4034s
ep1 step21441/28480 loss=0.5212 bacc=0.844 4068s
ep1 step21641/28480 loss=0.6410 bacc=0.836 4102s
ep1 step21841/28480 loss=0.4547 bacc=0.859 4138s
ep1 step22041/28480 loss=0.5829 bacc=0.836 4175s
ep1 step22241/28480 loss=0.4664 bacc=0.859 4213s
ep1 step22441/28480 loss=0.4880 bacc=0.867 4249s
ep1 step22641/28480 loss=0.3327 bacc=0.898 4286s
ep1 step22841/28480 loss=0.4791 bacc=0.863 4323s
ep1 step23041/28480 loss=0.5374 bacc=0.816 4361s
ep1 step23241/28480 loss=0.4347 bacc=0.875 4398s
ep1 step23441/28480 loss=0.3942 bacc=0.891 4436s
ep1 step23641/28480 loss=0.5174 bacc=0.844 4471s
ep1 step23841/28480 loss=0.4542 bacc=0.852 4505s
ep1 step24041/28480 loss=0.4826 bacc=0.875 4542s
ep1 step24241/28480 loss=0.5356 bacc=0.855 4576s
ep1 step24441/28480 loss=0.6272 bacc=0.828 4611s
ep1 step24641/28480 loss=0.4384 bacc=0.859 4645s
ep1 step24841/28480 loss=0.5670 bacc=0.848 4679s
ep1 step25041/28480 loss=0.4193 bacc=0.875 4714s
ep1 step25241/28480 loss=0.5094 bacc=0.863 4748s
ep1 step25441/28480 loss=0.4915 bacc=0.848 4782s
ep1 step25641/28480 loss=0.5036 bacc=0.848 4816s
ep1 step25841/28480 loss=0.5006 bacc=0.863 4851s
ep1 step26041/28480 loss=0.4779 bacc=0.840 4885s
ep1 step26241/28480 loss=0.4831 bacc=0.871 4919s
ep1 step26441/28480 loss=0.5522 bacc=0.867 4953s
ep1 step26641/28480 loss=0.4558 bacc=0.871 4987s
ep1 step26841/28480 loss=0.5378 bacc=0.832 5021s
ep1 step27041/28480 loss=0.4212 bacc=0.871 5054s
ep1 step27241/28480 loss=0.4540 bacc=0.859 5088s
ep1 step27441/28480 loss=0.5042 bacc=0.871 5122s
ep1 step27641/28480 loss=0.4701 bacc=0.859 5155s
ep1 step27841/28480 loss=0.4887 bacc=0.848 5189s
ep1 step28041/28480 loss=0.5243 bacc=0.855 5224s
ep1 step28241/28480 loss=0.4072 bacc=0.887 5260s
ep1 step28441/28480 loss=0.5060 bacc=0.848 5295s
== ep1 val top1=0.8658 ==
BEST val top1=0.8658 -> ckpt/best.pt
