
A module that was compiled using NumPy 1.x cannot be run in
NumPy 2.5.3 as it may crash. To support both 1.x and 2.x
versions of NumPy, modules must be compiled with NumPy 2.0.
Some module may need to rebuild instead e.g. with 'pybind11>=2.12'.

If you are a user of the module, the easiest solution will be to
downgrade to 'numpy<2' or try to upgrade the affected module.
We expect that some modules will need time to support NumPy 2.

Traceback (most recent call last):  File "E:\CCSpace\projects\2026\09\linghe\train\train.py", line 10, in <module>
    import torch
  File "E:\miniconda3\Lib\site-packages\torch\__init__.py", line 1477, in <module>
    from .functional import *  # noqa: F403
  File "E:\miniconda3\Lib\site-packages\torch\functional.py", line 9, in <module>
    import torch.nn.functional as F
  File "E:\miniconda3\Lib\site-packages\torch\nn\__init__.py", line 1, in <module>
    from .modules import *  # noqa: F403
  File "E:\miniconda3\Lib\site-packages\torch\nn\modules\__init__.py", line 35, in <module>
    from .transformer import TransformerEncoder, TransformerDecoder, \
  File "E:\miniconda3\Lib\site-packages\torch\nn\modules\transformer.py", line 20, in <module>
    device: torch.device = torch.device(torch._C._get_default_device()),  # torch.device('cpu'),
E:\miniconda3\Lib\site-packages\torch\nn\modules\transformer.py:20: UserWarning: Failed to initialize NumPy: _ARRAY_API not found (Triggered internally at ..\torch\csrc\utils\tensor_numpy.cpp:84.)
  device: torch.device = torch.device(torch._C._get_default_device()),  # torch.device('cpu'),
device: cuda
train=42454 val=866
vocab=5539
E:\miniconda3\Lib\site-packages\torch\nn\modules\transformer.py:286: UserWarning: enable_nested_tensor is True, but self.use_nested_tensor is False because encoder_layer.norm_first was True
  warnings.warn(f"enable_nested_tensor is True, but self.use_nested_tensor is False because {why_not_sparsity_fast_path}")
params=2.95M

A module that was compiled using NumPy 1.x cannot be run in
NumPy 2.5.3 as it may crash. To support both 1.x and 2.x
versions of NumPy, modules must be compiled with NumPy 2.0.
Some module may need to rebuild instead e.g. with 'pybind11>=2.12'.

If you are a user of the module, the easiest solution will be to
downgrade to 'numpy<2' or try to upgrade the affected module.
We expect that some modules will need time to support NumPy 2.

Traceback (most recent call last):  File "<string>", line 1, in <module>
  File "E:\miniconda3\Lib\multiprocessing\spawn.py", line 122, in spawn_main
    exitcode = _main(fd, parent_sentinel)
  File "E:\miniconda3\Lib\multiprocessing\spawn.py", line 131, in _main
    prepare(preparation_data)
  File "E:\miniconda3\Lib\multiprocessing\spawn.py", line 246, in prepare
    _fixup_main_from_path(data['init_main_from_path'])
  File "E:\miniconda3\Lib\multiprocessing\spawn.py", line 297, in _fixup_main_from_path
    main_content = runpy.run_path(main_path,
  File "<frozen runpy>", line 286, in run_path
  File "<frozen runpy>", line 98, in _run_module_code
  File "<frozen runpy>", line 88, in _run_code
  File "E:\CCSpace\projects\2026\09\linghe\train\train.py", line 10, in <module>
    import torch
  File "E:\miniconda3\Lib\site-packages\torch\__init__.py", line 1477, in <module>
    from .functional import *  # noqa: F403
  File "E:\miniconda3\Lib\site-packages\torch\functional.py", line 9, in <module>
    import torch.nn.functional as F
  File "E:\miniconda3\Lib\site-packages\torch\nn\__init__.py", line 1, in <module>
    from .modules import *  # noqa: F403
  File "E:\miniconda3\Lib\site-packages\torch\nn\modules\__init__.py", line 35, in <module>
    from .transformer import TransformerEncoder, TransformerDecoder, \
  File "E:\miniconda3\Lib\site-packages\torch\nn\modules\transformer.py", line 20, in <module>
    device: torch.device = torch.device(torch._C._get_default_device()),  # torch.device('cpu'),
E:\miniconda3\Lib\site-packages\torch\nn\modules\transformer.py:20: UserWarning: Failed to initialize NumPy: _ARRAY_API not found (Triggered internally at ..\torch\csrc\utils\tensor_numpy.cpp:84.)
  device: torch.device = torch.device(torch._C._get_default_device()),  # torch.device('cpu'),

A module that was compiled using NumPy 1.x cannot be run in
NumPy 2.5.3 as it may crash. To support both 1.x and 2.x
versions of NumPy, modules must be compiled with NumPy 2.0.
Some module may need to rebuild instead e.g. with 'pybind11>=2.12'.

If you are a user of the module, the easiest solution will be to
downgrade to 'numpy<2' or try to upgrade the affected module.
We expect that some modules will need time to support NumPy 2.

Traceback (most recent call last):  File "<string>", line 1, in <module>
  File "E:\miniconda3\Lib\multiprocessing\spawn.py", line 122, in spawn_main
    exitcode = _main(fd, parent_sentinel)
  File "E:\miniconda3\Lib\multiprocessing\spawn.py", line 131, in _main
    prepare(preparation_data)
  File "E:\miniconda3\Lib\multiprocessing\spawn.py", line 246, in prepare
    _fixup_main_from_path(data['init_main_from_path'])
  File "E:\miniconda3\Lib\multiprocessing\spawn.py", line 297, in _fixup_main_from_path
    main_content = runpy.run_path(main_path,
  File "<frozen runpy>", line 286, in run_path
  File "<frozen runpy>", line 98, in _run_module_code
  File "<frozen runpy>", line 88, in _run_code
  File "E:\CCSpace\projects\2026\09\linghe\train\train.py", line 10, in <module>
    import torch
  File "E:\miniconda3\Lib\site-packages\torch\__init__.py", line 1477, in <module>
    from .functional import *  # noqa: F403
  File "E:\miniconda3\Lib\site-packages\torch\functional.py", line 9, in <module>
    import torch.nn.functional as F
  File "E:\miniconda3\Lib\site-packages\torch\nn\__init__.py", line 1, in <module>
    from .modules import *  # noqa: F403
  File "E:\miniconda3\Lib\site-packages\torch\nn\modules\__init__.py", line 35, in <module>
    from .transformer import TransformerEncoder, TransformerDecoder, \
  File "E:\miniconda3\Lib\site-packages\torch\nn\modules\transformer.py", line 20, in <module>
    device: torch.device = torch.device(torch._C._get_default_device()),  # torch.device('cpu'),
E:\miniconda3\Lib\site-packages\torch\nn\modules\transformer.py:20: UserWarning: Failed to initialize NumPy: _ARRAY_API not found (Triggered internally at ..\torch\csrc\utils\tensor_numpy.cpp:84.)
  device: torch.device = torch.device(torch._C._get_default_device()),  # torch.device('cpu'),
E:\miniconda3\Lib\site-packages\torch\nn\functional.py:5476: UserWarning: 1Torch was not compiled with flash attention. (Triggered internally at ..\aten\src\ATen\native\transformers\cuda\sdp_utils.cpp:263.)
  attn_output = scaled_dot_product_attention(q, k, v, attn_mask, dropout_p, is_causal)
ep0 step1/1989 loss=2.1298 bacc=0.250 24s
ep0 step201/1989 loss=1.3990 bacc=0.703 59s
ep0 step401/1989 loss=1.0207 bacc=0.688 95s
ep0 step601/1989 loss=0.9948 bacc=0.766 130s
== ep0 val top1=0.7402 ==

A module that was compiled using NumPy 1.x cannot be run in
NumPy 2.5.3 as it may crash. To support both 1.x and 2.x
versions of NumPy, modules must be compiled with NumPy 2.0.
Some module may need to rebuild instead e.g. with 'pybind11>=2.12'.

If you are a user of the module, the easiest solution will be to
downgrade to 'numpy<2' or try to upgrade the affected module.
We expect that some modules will need time to support NumPy 2.

Traceback (most recent call last):  File "<string>", line 1, in <module>
  File "E:\miniconda3\Lib\multiprocessing\spawn.py", line 122, in spawn_main
    exitcode = _main(fd, parent_sentinel)
  File "E:\miniconda3\Lib\multiprocessing\spawn.py", line 131, in _main
    prepare(preparation_data)
  File "E:\miniconda3\Lib\multiprocessing\spawn.py", line 246, in prepare
    _fixup_main_from_path(data['init_main_from_path'])
  File "E:\miniconda3\Lib\multiprocessing\spawn.py", line 297, in _fixup_main_from_path
    main_content = runpy.run_path(main_path,
  File "<frozen runpy>", line 286, in run_path
  File "<frozen runpy>", line 98, in _run_module_code
  File "<frozen runpy>", line 88, in _run_code
  File "E:\CCSpace\projects\2026\09\linghe\train\train.py", line 10, in <module>
    import torch
  File "E:\miniconda3\Lib\site-packages\torch\__init__.py", line 1477, in <module>
    from .functional import *  # noqa: F403
  File "E:\miniconda3\Lib\site-packages\torch\functional.py", line 9, in <module>
    import torch.nn.functional as F
  File "E:\miniconda3\Lib\site-packages\torch\nn\__init__.py", line 1, in <module>
    from .modules import *  # noqa: F403
  File "E:\miniconda3\Lib\site-packages\torch\nn\modules\__init__.py", line 35, in <module>
    from .transformer import TransformerEncoder, TransformerDecoder, \
  File "E:\miniconda3\Lib\site-packages\torch\nn\modules\transformer.py", line 20, in <module>
    device: torch.device = torch.device(torch._C._get_default_device()),  # torch.device('cpu'),
E:\miniconda3\Lib\site-packages\torch\nn\modules\transformer.py:20: UserWarning: Failed to initialize NumPy: _ARRAY_API not found (Triggered internally at ..\torch\csrc\utils\tensor_numpy.cpp:84.)
  device: torch.device = torch.device(torch._C._get_default_device()),  # torch.device('cpu'),

A module that was compiled using NumPy 1.x cannot be run in
NumPy 2.5.3 as it may crash. To support both 1.x and 2.x
versions of NumPy, modules must be compiled with NumPy 2.0.
Some module may need to rebuild instead e.g. with 'pybind11>=2.12'.

If you are a user of the module, the easiest solution will be to
downgrade to 'numpy<2' or try to upgrade the affected module.
We expect that some modules will need time to support NumPy 2.

Traceback (most recent call last):  File "<string>", line 1, in <module>
  File "E:\miniconda3\Lib\multiprocessing\spawn.py", line 122, in spawn_main
    exitcode = _main(fd, parent_sentinel)
  File "E:\miniconda3\Lib\multiprocessing\spawn.py", line 131, in _main
    prepare(preparation_data)
  File "E:\miniconda3\Lib\multiprocessing\spawn.py", line 246, in prepare
    _fixup_main_from_path(data['init_main_from_path'])
  File "E:\miniconda3\Lib\multiprocessing\spawn.py", line 297, in _fixup_main_from_path
    main_content = runpy.run_path(main_path,
  File "<frozen runpy>", line 286, in run_path
  File "<frozen runpy>", line 98, in _run_module_code
  File "<frozen runpy>", line 88, in _run_code
  File "E:\CCSpace\projects\2026\09\linghe\train\train.py", line 10, in <module>
    import torch
  File "E:\miniconda3\Lib\site-packages\torch\__init__.py", line 1477, in <module>
    from .functional import *  # noqa: F403
  File "E:\miniconda3\Lib\site-packages\torch\functional.py", line 9, in <module>
    import torch.nn.functional as F
  File "E:\miniconda3\Lib\site-packages\torch\nn\__init__.py", line 1, in <module>
    from .modules import *  # noqa: F403
  File "E:\miniconda3\Lib\site-packages\torch\nn\modules\__init__.py", line 35, in <module>
    from .transformer import TransformerEncoder, TransformerDecoder, \
  File "E:\miniconda3\Lib\site-packages\torch\nn\modules\transformer.py", line 20, in <module>
    device: torch.device = torch.device(torch._C._get_default_device()),  # torch.device('cpu'),
E:\miniconda3\Lib\site-packages\torch\nn\modules\transformer.py:20: UserWarning: Failed to initialize NumPy: _ARRAY_API not found (Triggered internally at ..\torch\csrc\utils\tensor_numpy.cpp:84.)
  device: torch.device = torch.device(torch._C._get_default_device()),  # torch.device('cpu'),
ep1 step664/1989 loss=0.7411 bacc=0.844 174s
ep1 step864/1989 loss=0.8294 bacc=0.844 208s
ep1 step1064/1989 loss=1.0945 bacc=0.703 239s
ep1 step1264/1989 loss=0.9400 bacc=0.734 271s
== ep1 val top1=0.8002 ==

A module that was compiled using NumPy 1.x cannot be run in
NumPy 2.5.3 as it may crash. To support both 1.x and 2.x
versions of NumPy, modules must be compiled with NumPy 2.0.
Some module may need to rebuild instead e.g. with 'pybind11>=2.12'.

If you are a user of the module, the easiest solution will be to
downgrade to 'numpy<2' or try to upgrade the affected module.
We expect that some modules will need time to support NumPy 2.

Traceback (most recent call last):  File "<string>", line 1, in <module>
  File "E:\miniconda3\Lib\multiprocessing\spawn.py", line 122, in spawn_main
    exitcode = _main(fd, parent_sentinel)
  File "E:\miniconda3\Lib\multiprocessing\spawn.py", line 131, in _main
    prepare(preparation_data)
  File "E:\miniconda3\Lib\multiprocessing\spawn.py", line 246, in prepare
    _fixup_main_from_path(data['init_main_from_path'])
  File "E:\miniconda3\Lib\multiprocessing\spawn.py", line 297, in _fixup_main_from_path
    main_content = runpy.run_path(main_path,
  File "<frozen runpy>", line 286, in run_path
  File "<frozen runpy>", line 98, in _run_module_code
  File "<frozen runpy>", line 88, in _run_code
  File "E:\CCSpace\projects\2026\09\linghe\train\train.py", line 10, in <module>
    import torch
  File "E:\miniconda3\Lib\site-packages\torch\__init__.py", line 1477, in <module>
    from .functional import *  # noqa: F403
  File "E:\miniconda3\Lib\site-packages\torch\functional.py", line 9, in <module>
    import torch.nn.functional as F
  File "E:\miniconda3\Lib\site-packages\torch\nn\__init__.py", line 1, in <module>
    from .modules import *  # noqa: F403
  File "E:\miniconda3\Lib\site-packages\torch\nn\modules\__init__.py", line 35, in <module>
    from .transformer import TransformerEncoder, TransformerDecoder, \
  File "E:\miniconda3\Lib\site-packages\torch\nn\modules\transformer.py", line 20, in <module>
    device: torch.device = torch.device(torch._C._get_default_device()),  # torch.device('cpu'),
E:\miniconda3\Lib\site-packages\torch\nn\modules\transformer.py:20: UserWarning: Failed to initialize NumPy: _ARRAY_API not found (Triggered internally at ..\torch\csrc\utils\tensor_numpy.cpp:84.)
  device: torch.device = torch.device(torch._C._get_default_device()),  # torch.device('cpu'),

A module that was compiled using NumPy 1.x cannot be run in
NumPy 2.5.3 as it may crash. To support both 1.x and 2.x
versions of NumPy, modules must be compiled with NumPy 2.0.
Some module may need to rebuild instead e.g. with 'pybind11>=2.12'.

If you are a user of the module, the easiest solution will be to
downgrade to 'numpy<2' or try to upgrade the affected module.
We expect that some modules will need time to support NumPy 2.

Traceback (most recent call last):  File "<string>", line 1, in <module>
  File "E:\miniconda3\Lib\multiprocessing\spawn.py", line 122, in spawn_main
    exitcode = _main(fd, parent_sentinel)
  File "E:\miniconda3\Lib\multiprocessing\spawn.py", line 131, in _main
    prepare(preparation_data)
  File "E:\miniconda3\Lib\multiprocessing\spawn.py", line 246, in prepare
    _fixup_main_from_path(data['init_main_from_path'])
  File "E:\miniconda3\Lib\multiprocessing\spawn.py", line 297, in _fixup_main_from_path
    main_content = runpy.run_path(main_path,
  File "<frozen runpy>", line 286, in run_path
  File "<frozen runpy>", line 98, in _run_module_code
  File "<frozen runpy>", line 88, in _run_code
  File "E:\CCSpace\projects\2026\09\linghe\train\train.py", line 10, in <module>
    import torch
  File "E:\miniconda3\Lib\site-packages\torch\__init__.py", line 1477, in <module>
    from .functional import *  # noqa: F403
  File "E:\miniconda3\Lib\site-packages\torch\functional.py", line 9, in <module>
    import torch.nn.functional as F
  File "E:\miniconda3\Lib\site-packages\torch\nn\__init__.py", line 1, in <module>
    from .modules import *  # noqa: F403
  File "E:\miniconda3\Lib\site-packages\torch\nn\modules\__init__.py", line 35, in <module>
    from .transformer import TransformerEncoder, TransformerDecoder, \
  File "E:\miniconda3\Lib\site-packages\torch\nn\modules\transformer.py", line 20, in <module>
    device: torch.device = torch.device(torch._C._get_default_device()),  # torch.device('cpu'),
E:\miniconda3\Lib\site-packages\torch\nn\modules\transformer.py:20: UserWarning: Failed to initialize NumPy: _ARRAY_API not found (Triggered internally at ..\torch\csrc\utils\tensor_numpy.cpp:84.)
  device: torch.device = torch.device(torch._C._get_default_device()),  # torch.device('cpu'),
ep2 step1327/1989 loss=0.5862 bacc=0.812 307s
ep2 step1527/1989 loss=0.5562 bacc=0.828 342s
ep2 step1727/1989 loss=0.6449 bacc=0.812 374s
ep2 step1927/1989 loss=0.6775 bacc=0.781 407s
== ep2 val top1=0.8095 ==
BEST val top1=0.8095 -> ckpt/best.pt
